Executing action: all (aliases: build)
Running ninja in directory C:\esp\hydro\hydro1.0\build
Executing "ninja all"...
[1/9] Performing build step for 'bootloader'
[1/1] C:\Windows\system32\cmd.exe /C "cd /D C:\esp\hydro\hydro1.0\build\bootloader\esp-idf\esptool_py && C:\Espressif\python_env\idf5.5_py3.11_env\Scripts\python.exe C:/Espressif/frameworks/esp-idf-v5.5/components/partition_table/check_sizes.py --offset 0x8000 bootloader 0x0 C:/esp/hydro/hydro1.0/build/bootloader/bootloader.bin"
Bootloader binary size 0x5260 bytes. 0x2da0 bytes (36%) free.
[2/9] No install step for 'bootloader'
[3/9] Completed 'bootloader'
[4/9] Building C object esp-idf/lvgl_ui/CMakeFiles/__idf_lvgl_ui.dir/lvgl_ui.c.obj
FAILED: esp-idf/lvgl_ui/CMakeFiles/__idf_lvgl_ui.dir/lvgl_ui.c.obj 
ccache C:\Espressif\tools\xtensa-esp-elf\esp-14.2.0_20241119\xtensa-esp-elf\bin\xtensa-esp32s3-elf-gcc.exe -DESP_PLATFORM -DIDF_VER=\"v5.5\" -DLV_ATTRIBUTE_LARGE_CONST="" -DLV_ATTRIBUTE_MEM_ALIGN="" -DLV_CONF_INCLUDE_SIMPLE -DSOC_MMU_PAGE_SIZE=CONFIG_MMU_PAGE_SIZE -DSOC_XTAL_FREQ_MHZ=CONFIG_XTAL_FREQ -D_GLIBCXX_HAVE_POSIX_SEMAPHORE -D_GLIBCXX_USE_POSIX_SEMAPHORE -D_GNU_SOURCE -D_POSIX_READER_WRITER_LOCKS -IC:/esp/hydro/hydro1.0/build/config -IC:/esp/hydro/hydro1.0/components/lvgl_ui -IC:/esp/hydro/hydro1.0/components/lvgl_ui/screen_manager -IC:/esp/hydro/hydro1.0/components/lvgl_ui/screens -IC:/esp/hydro/hydro1.0/components/lvgl_ui/screens/base -IC:/esp/hydro/hydro1.0/components/lvgl_ui/screens/sensor -IC:/esp/hydro/hydro1.0/components/lvgl_ui/screens/system -IC:/esp/hydro/hydro1.0/components/lvgl_ui/widgets -IC:/Espressif/frameworks/esp-idf-v5.5/components/newlib/platform_include -IC:/Espressif/frameworks/esp-idf-v5.5/components/freertos/config/include -IC:/Espressif/frameworks/esp-idf-v5.5/components/freertos/config/include/freertos -IC:/Espressif/frameworks/esp-idf-v5.5/components/freertos/config/xtensa/include -IC:/Espressif/frameworks/esp-idf-v5.5/components/freertos/FreeRTOS-Kernel/include -IC:/Espressif/frameworks/esp-idf-v5.5/components/freertos/FreeRTOS-Kernel/portable/xtensa/include -IC:/Espressif/frameworks/esp-idf-v5.5/components/freertos/FreeRTOS-Kernel/portable/xtensa/include/freertos -IC:/Espressif/frameworks/esp-idf-v5.5/components/freertos/esp_additions/include -IC:/Espressif/frameworks/esp-idf-v5.5/components/esp_hw_support/include -IC:/Espressif/frameworks/esp-idf-v5.5/components/esp_hw_support/include/soc -IC:/Espressif/frameworks/esp-idf-v5.5/components/esp_hw_support/include/soc/esp32s3 -IC:/Espressif/frameworks/esp-idf-v5.5/components/esp_hw_support/dma/include -IC:/Espressif/frameworks/esp-idf-v5.5/components/esp_hw_support/ldo/include -IC:/Espressif/frameworks/esp-idf-v5.5/components/esp_hw_support/debug_probe/include -IC:/Espressif/frameworks/esp-idf-v5.5/components/esp_hw_support/mspi_timing_tuning/include -IC:/Espressif/frameworks/esp-idf-v5.5/components/esp_hw_support/mspi_timing_tuning/tuning_scheme_impl/include -IC:/Espressif/frameworks/esp-idf-v5.5/components/esp_hw_support/power_supply/include -IC:/Espressif/frameworks/esp-idf-v5.5/components/esp_hw_support/port/esp32s3/. -IC:/Espressif/frameworks/esp-idf-v5.5/components/esp_hw_support/port/esp32s3/include -IC:/Espressif/frameworks/esp-idf-v5.5/components/esp_hw_support/mspi_timing_tuning/port/esp32s3/. -IC:/Espressif/frameworks/esp-idf-v5.5/components/esp_hw_support/mspi_timing_tuning/port/esp32s3/include -IC:/Espressif/frameworks/esp-idf-v5.5/components/heap/include -IC:/Espressif/frameworks/esp-idf-v5.5/components/heap/tlsf -IC:/Espressif/frameworks/esp-idf-v5.5/components/log/include -IC:/Espressif/frameworks/esp-idf-v5.5/components/soc/include -IC:/Espressif/frameworks/esp-idf-v5.5/components/soc/esp32s3 -IC:/Espressif/frameworks/esp-idf-v5.5/components/soc/esp32s3/include -IC:/Espressif/frameworks/esp-idf-v5.5/components/soc/esp32s3/register -IC:/Espressif/frameworks/esp-idf-v5.5/components/hal/platform_port/include -IC:/Espressif/frameworks/esp-idf-v5.5/components/hal/esp32s3/include -IC:/Espressif/frameworks/esp-idf-v5.5/components/hal/include -IC:/Espressif/frameworks/esp-idf-v5.5/components/esp_rom/include -IC:/Espressif/frameworks/esp-idf-v5.5/components/esp_rom/esp32s3/include -IC:/Espressif/frameworks/esp-idf-v5.5/components/esp_rom/esp32s3/include/esp32s3 -IC:/Espressif/frameworks/esp-idf-v5.5/components/esp_rom/esp32s3 -IC:/Espressif/frameworks/esp-idf-v5.5/components/esp_common/include -IC:/Espressif/frameworks/esp-idf-v5.5/components/esp_system/include -IC:/Espressif/frameworks/esp-idf-v5.5/components/esp_system/port/soc -IC:/Espressif/frameworks/esp-idf-v5.5/components/esp_system/port/include/private -IC:/Espressif/frameworks/esp-idf-v5.5/components/xtensa/esp32s3/include -IC:/Espressif/frameworks/esp-idf-v5.5/components/xtensa/include -IC:/Espressif/frameworks/esp-idf-v5.5/components/xtensa/deprecated_include -IC:/Espressif/frameworks/esp-idf-v5.5/components/lwip/include -IC:/Espressif/frameworks/esp-idf-v5.5/components/lwip/include/apps -IC:/Espressif/frameworks/esp-idf-v5.5/components/lwip/include/apps/sntp -IC:/Espressif/frameworks/esp-idf-v5.5/components/lwip/lwip/src/include -IC:/Espressif/frameworks/esp-idf-v5.5/components/lwip/port/include -IC:/Espressif/frameworks/esp-idf-v5.5/components/lwip/port/freertos/include -IC:/Espressif/frameworks/esp-idf-v5.5/components/lwip/port/esp32xx/include -IC:/Espressif/frameworks/esp-idf-v5.5/components/lwip/port/esp32xx/include/arch -IC:/Espressif/frameworks/esp-idf-v5.5/components/lwip/port/esp32xx/include/sys -IC:/esp/hydro/hydro1.0/managed_components/lvgl__lvgl -IC:/esp/hydro/hydro1.0/managed_components/lvgl__lvgl/src -IC:/esp/hydro/hydro1.0/managed_components -IC:/esp/hydro/hydro1.0/managed_components/lvgl__lvgl/examples -IC:/esp/hydro/hydro1.0/managed_components/lvgl__lvgl/demos -IC:/Espressif/frameworks/esp-idf-v5.5/components/esp_timer/include -IC:/esp/hydro/hydro1.0/components/lcd_ili9341 -IC:/esp/hydro/hydro1.0/components/encoder -IC:/Espressif/frameworks/esp-idf-v5.5/components/driver/deprecated -IC:/Espressif/frameworks/esp-idf-v5.5/components/driver/i2c/include -IC:/Espressif/frameworks/esp-idf-v5.5/components/driver/touch_sensor/include -IC:/Espressif/frameworks/esp-idf-v5.5/components/driver/twai/include -IC:/Espressif/frameworks/esp-idf-v5.5/components/driver/touch_sensor/esp32s3/include -IC:/Espressif/frameworks/esp-idf-v5.5/components/esp_pm/include -IC:/Espressif/frameworks/esp-idf-v5.5/components/esp_ringbuf/include -IC:/Espressif/frameworks/esp-idf-v5.5/components/esp_driver_gpio/include -IC:/Espressif/frameworks/esp-idf-v5.5/components/esp_driver_pcnt/include -IC:/Espressif/frameworks/esp-idf-v5.5/components/esp_driver_gptimer/include -IC:/Espressif/frameworks/esp-idf-v5.5/components/esp_driver_spi/include -IC:/Espressif/frameworks/esp-idf-v5.5/components/esp_driver_mcpwm/include -IC:/Espressif/frameworks/esp-idf-v5.5/components/esp_driver_ana_cmpr/include -IC:/Espressif/frameworks/esp-idf-v5.5/components/esp_driver_i2s/include -IC:/Espressif/frameworks/esp-idf-v5.5/components/esp_driver_sdmmc/include -IC:/Espressif/frameworks/esp-idf-v5.5/components/sdmmc/include -IC:/Espressif/frameworks/esp-idf-v5.5/components/esp_driver_sdspi/include -IC:/Espressif/frameworks/esp-idf-v5.5/components/esp_driver_sdio/include -IC:/Espressif/frameworks/esp-idf-v5.5/components/esp_driver_dac/include -IC:/Espressif/frameworks/esp-idf-v5.5/components/esp_driver_rmt/include -IC:/Espressif/frameworks/esp-idf-v5.5/components/esp_driver_tsens/include -IC:/Espressif/frameworks/esp-idf-v5.5/components/esp_driver_sdm/include -IC:/Espressif/frameworks/esp-idf-v5.5/components/esp_driver_i2c/include -IC:/Espressif/frameworks/esp-idf-v5.5/components/esp_driver_uart/include -IC:/Espressif/frameworks/esp-idf-v5.5/components/vfs/include -IC:/Espressif/frameworks/esp-idf-v5.5/components/esp_driver_ledc/include -IC:/Espressif/frameworks/esp-idf-v5.5/components/esp_driver_parlio/include -IC:/Espressif/frameworks/esp-idf-v5.5/components/esp_driver_usb_serial_jtag/include -IC:/Espressif/frameworks/esp-idf-v5.5/components/esp_driver_twai/include -IC:/esp/hydro/hydro1.0/components/i2c_bus -IC:/esp/hydro/hydro1.0/components/error_handler -IC:/esp/hydro/hydro1.0/main -IC:/esp/hydro/hydro1.0/components/ph_ec_controller -IC:/esp/hydro/hydro1.0/components/peristaltic_pump -IC:/esp/hydro/hydro1.0/components/system_interfaces -IC:/esp/hydro/hydro1.0/components/sht3x -IC:/esp/hydro/hydro1.0/components/ccs811 -IC:/esp/hydro/hydro1.0/components/trema_ph -IC:/esp/hydro/hydro1.0/components/trema_ec -IC:/esp/hydro/hydro1.0/components/trema_lux -IC:/Espressif/frameworks/esp-idf-v5.5/components/nvs_flash/include -IC:/Espressif/frameworks/esp-idf-v5.5/components/esp_partition/include -IC:/esp/hydro/hydro1.0/components/config_manager -IC:/esp/hydro/hydro1.0/components/data_logger -IC:/esp/hydro/hydro1.0/components/notification_system -mlongcalls  -fno-builtin-memcpy -fno-builtin-memset -fno-builtin-bzero -fno-builtin-stpcpy -fno-builtin-strncpy -fdiagnostics-color=always -fdiagnostics-color=always -ffunction-sections -fdata-sections -Wall -Werror=all -Wno-error=unused-function -Wno-error=unused-variable -Wno-error=unused-but-set-variable -Wno-error=deprecated-declarations -Wextra -Wno-error=extra -Wno-unused-parameter -Wno-sign-compare -Wno-enum-conversion -gdwarf-4 -ggdb -Og -fno-shrink-wrap -fmacro-prefix-map=C:/esp/hydro/hydro1.0=. -fmacro-prefix-map=C:/Espressif/frameworks/esp-idf-v5.5=/IDF -fstrict-volatile-bitfields -fno-jump-tables -fno-tree-switch-conversion -std=gnu17 -Wno-old-style-declaration -MD -MT esp-idf/lvgl_ui/CMakeFiles/__idf_lvgl_ui.dir/lvgl_ui.c.obj -MF esp-idf\lvgl_ui\CMakeFiles\__idf_lvgl_ui.dir\lvgl_ui.c.obj.d -o esp-idf/lvgl_ui/CMakeFiles/__idf_lvgl_ui.dir/lvgl_ui.c.obj -c C:/esp/hydro/hydro1.0/components/lvgl_ui/lvgl_ui.c
C:/esp/hydro/hydro1.0/components/lvgl_ui/lvgl_ui.c: In function 'lvgl_main_init':
C:/esp/hydro/hydro1.0/components/lvgl_ui/lvgl_ui.c:1413:5: error: implicit declaration of function 'ph_screen_init'; did you mean 'main_screen_init'? [-Wimplicit-function-declaration]
 1413 |     ph_screen_init();
      |     ^~~~~~~~~~~~~~
      |     main_screen_init
C:/esp/hydro/hydro1.0/components/lvgl_ui/lvgl_ui.c:1414:5: error: implicit declaration of function 'ph_set_close_callback' [-Wimplicit-function-declaration]
 1414 |     ph_set_close_callback(ph_return_to_main);
      |     ^~~~~~~~~~~~~~~~~~~~~
C:/esp/hydro/hydro1.0/components/lvgl_ui/lvgl_ui.c: In function 'create_detail_screen':
C:/esp/hydro/hydro1.0/components/lvgl_ui/lvgl_ui.c:1510:9: error: implicit declaration of function 'ph_show_detail_screen'; did you mean 'create_detail_screen'? [-Wimplicit-function-declaration]
 1510 |         ph_show_detail_screen();
      |         ^~~~~~~~~~~~~~~~~~~~~
      |         create_detail_screen
C:/esp/hydro/hydro1.0/components/lvgl_ui/lvgl_ui.c: In function 'show_screen':
C:/esp/hydro/hydro1.0/components/lvgl_ui/lvgl_ui.c:1710:28: error: implicit declaration of function 'ph_get_detail_group' [-Wimplicit-function-declaration]
 1710 |             target_group = ph_get_detail_group();
      |                            ^~~~~~~~~~~~~~~~~~~
C:/esp/hydro/hydro1.0/components/lvgl_ui/lvgl_ui.c:1710:26: error: assignment to 'lv_group_t *' from 'int' makes pointer from integer without a cast [-Wint-conversion]
 1710 |             target_group = ph_get_detail_group();
      |                          ^
C:/esp/hydro/hydro1.0/components/lvgl_ui/lvgl_ui.c:1711:33: error: implicit declaration of function 'ph_get_detail_screen'; did you mean 'create_detail_screen'? [-Wimplicit-function-declaration]
 1711 |             target_screen_obj = ph_get_detail_screen();
      |                                 ^~~~~~~~~~~~~~~~~~~~
      |                                 create_detail_screen
C:/esp/hydro/hydro1.0/components/lvgl_ui/lvgl_ui.c:1711:31: error: assignment to 'lv_obj_t *' from 'int' makes pointer from integer without a cast [-Wint-conversion]
 1711 |             target_screen_obj = ph_get_detail_screen();
      |                               ^
C:/esp/hydro/hydro1.0/components/lvgl_ui/lvgl_ui.c:1728:13: error: implicit declaration of function 'ph_show_settings_screen'; did you mean 'create_settings_screen'? [-Wimplicit-function-declaration]
 1728 |             ph_show_settings_screen();
      |             ^~~~~~~~~~~~~~~~~~~~~~~
      |             create_settings_screen
C:/esp/hydro/hydro1.0/components/lvgl_ui/lvgl_ui.c:1729:28: error: implicit declaration of function 'ph_get_settings_group' [-Wimplicit-function-declaration]
 1729 |             target_group = ph_get_settings_group();
      |                            ^~~~~~~~~~~~~~~~~~~~~
C:/esp/hydro/hydro1.0/components/lvgl_ui/lvgl_ui.c:1729:26: error: assignment to 'lv_group_t *' from 'int' makes pointer from integer without a cast [-Wint-conversion]
 1729 |             target_group = ph_get_settings_group();
      |                          ^
C:/esp/hydro/hydro1.0/components/lvgl_ui/lvgl_ui.c:1730:33: error: implicit declaration of function 'ph_get_settings_screen'; did you mean 'create_settings_screen'? [-Wimplicit-function-declaration]
 1730 |             target_screen_obj = ph_get_settings_screen();
      |                                 ^~~~~~~~~~~~~~~~~~~~~~
      |                                 create_settings_screen
C:/esp/hydro/hydro1.0/components/lvgl_ui/lvgl_ui.c:1730:31: error: assignment to 'lv_obj_t *' from 'int' makes pointer from integer without a cast [-Wint-conversion]
 1730 |             target_screen_obj = ph_get_settings_screen();
      |                               ^
C:/esp/hydro/hydro1.0/components/lvgl_ui/lvgl_ui.c:1747:13: error: implicit declaration of function 'ph_show_calibration_screen' [-Wimplicit-function-declaration]
 1747 |             ph_show_calibration_screen();
      |             ^~~~~~~~~~~~~~~~~~~~~~~~~~
C:/esp/hydro/hydro1.0/components/lvgl_ui/lvgl_ui.c:1748:28: error: implicit declaration of function 'ph_get_calibration_group' [-Wimplicit-function-declaration]
 1748 |             target_group = ph_get_calibration_group();
      |                            ^~~~~~~~~~~~~~~~~~~~~~~~
C:/esp/hydro/hydro1.0/components/lvgl_ui/lvgl_ui.c:1748:26: error: assignment to 'lv_group_t *' from 'int' makes pointer from integer without a cast [-Wint-conversion]
 1748 |             target_group = ph_get_calibration_group();
      |                          ^
C:/esp/hydro/hydro1.0/components/lvgl_ui/lvgl_ui.c:1749:33: error: implicit declaration of function 'ph_get_calibration_screen' [-Wimplicit-function-declaration]
 1749 |             target_screen_obj = ph_get_calibration_screen();
      |                                 ^~~~~~~~~~~~~~~~~~~~~~~~~
C:/esp/hydro/hydro1.0/components/lvgl_ui/lvgl_ui.c:1749:31: error: assignment to 'lv_obj_t *' from 'int' makes pointer from integer without a cast [-Wint-conversion]
 1749 |             target_screen_obj = ph_get_calibration_screen();
      |                               ^
C:/esp/hydro/hydro1.0/components/lvgl_ui/lvgl_ui.c: At top level:
C:/esp/hydro/hydro1.0/components/lvgl_ui/lvgl_ui.c:2147:13: warning: 'encoder_event_cb' defined but not used [-Wunused-function]
 2147 | static void encoder_event_cb(lv_event_t *e)
      |             ^~~~~~~~~~~~~~~~
C:/esp/hydro/hydro1.0/components/lvgl_ui/lvgl_ui.c:861:13: warning: 'create_main_ui' defined but not used [-Wunused-function]
  861 | static void create_main_ui(void)
      |             ^~~~~~~~~~~~~~
ninja: build stopped: subcommand failed.
